   Γû▓ Next.js 16.0.7 (Turbopack)
   - Environments: .env.local

   Creating an optimized production build ...
npx : Turbopack build 
encountered 1 warnings:
At line:1 char:1
+ npx next build 2>&1 | 
Out-String | Set-Content 
build_output.txt -Enco ...
+ ~~~~~~~~~~~~~~~~~~~
    + CategoryInfo           
   : NotSpecified: (Turbopa  
  ck build encountered 1 w   
 arnings::String) [], Rem    
oteException
    + FullyQualifiedErrorId  
   : NativeCommandError
 
./app/api/dom-snapshot/route.
ts:52:14
Next.js can't recognize the 
exported `config` field in 
route. Page config in 
`config` is deprecated and 
ignored, use individual 
exports instead.
[0m [90m 50 |[39m
 [90m 51 |[39m [90m// 
Optional: Config to allow 
large snapshot payloads 
(Next.js specific)[39m
[31m[1m>[22m[39m[90m 52 
|[39m [36mexport[39m 
[36mconst[39m config 
[33m=[39m {
 [90m    |[39m             
 [31m[1m^[22m[39m[31m[1
m^[22m[39m[31m[1m^[22m[
39m[31m[1m^[22m[39m[31m
[1m^[22m[39m[31m[1m^[22m
[39m
 [90m 53 |[39m     
api[33m:[39m {
 [90m 54 |[39m         
bodyParser[33m:[39m {
 [90m 55 |[39m             
sizeLimit[33m:[39m 
[32m'10mb'[39m[33m,[39m 
[90m// Snapshots can be 
large[39m[0m

The exported configuration 
object in a source file 
needs to have a very 
specific format from which 
some properties can be 
statically parsed at 
compiled-time.

https://nextjs.org/docs/app/a
pi-reference/file-conventions
/route-segment-config


 Γ£ô Compiled successfully in 32.6s
   Running TypeScript ...
   Collecting page data using 15 workers ...
Γ£à ClickHouse singleton client initialized
Γ£à ClickHouse singleton client initialized
Γ£à ClickHouse singleton client initialized
Γ£à ClickHouse singleton client initialized
Γ£à ClickHouse singleton client initialized
Γ£à ClickHouse singleton client initialized
[v1/debug-events] Rate limiting: In-memory
Γ£à ClickHouse singleton client initialized
[v1/form-events] Rate limiting: In-memory
Γ£à ClickHouse singleton client initialized
[v1/ingest] Rate limiting backend: In-memory (development)
Γ£à ClickHouse singleton client initialized
Γ£à ClickHouse singleton client initialized
Γ£à ClickHouse singleton client initialized
Γ£à ClickHouse singleton client initialized
Γ£à ClickHouse singleton client initialized
   Generating static pages using 15 workers (0/40) ...
Γ£à ClickHouse singleton client initialized
Γ£à ClickHouse singleton client initialized
[v1/debug-events] Rate limiting: In-memory
[v1/form-events] Rate limiting: In-memory
[v1/ingest] Rate limiting backend: In-memory (development)
   Generating static pages using 15 workers (10/40) 
   Generating static pages using 15 workers (20/40) 
   Generating static pages using 15 workers (30/40) 
 Γ£ô Generating static pages using 15 workers (40/40) in 848.8ms
   Finalizing page optimization ...

Route (app)
Γöî Γùï /
Γö£ Γùï /_not-found
Γö£ Γùï /about
Γö£ ╞Æ /api/analytics/forms
Γö£ ╞Æ /api/dashboard-stats
Γö£ ╞Æ /api/dom-snapshot
Γö£ ╞Æ /api/element-clicks
Γö£ ╞Æ /api/element-clicks-all-viewports
Γö£ ╞Æ /api/elements-metrics-data
Γö£ ╞Æ /api/excluded-paths
Γö£ ╞Æ /api/funnels
Γö£ ╞Æ /api/get-pages-list
Γö£ ╞Æ /api/get-snapshot
Γö£ ╞Æ /api/heatmap-clicks
Γö£ ╞Æ /api/heatmap-clicks-all-viewports
Γö£ ╞Æ /api/heatmap-scrolls
Γö£ ╞Æ /api/manage-page-paths
Γö£ ╞Æ /api/page-paths
Γö£ ╞Æ /api/rrweb-events
Γö£ ╞Æ /api/sessions
Γö£ ╞Æ /api/sessions/[session-id]
Γö£ ╞Æ /api/sessions/[session-id]/debug-data
Γö£ ╞Æ /api/sessions/replay
Γö£ ╞Æ /api/site-details
Γö£ ╞Æ /api/v1/debug-events
Γö£ ╞Æ /api/v1/form-events
Γö£ ╞Æ /api/v1/ingest
Γö£ ╞Æ /dashboard
Γö£ Γùï /dashboard/experiments
Γö£ Γùï /dashboard/form-analytics
Γö£ Γùï /dashboard/funnels
Γö£ ╞Æ /dashboard/funnels/[funnelId]
Γö£ Γùï /dashboard/heatmaps
Γö£ Γùï /dashboard/heatmaps/heatmap-viewer
Γö£ Γùï /dashboard/my-sites
Γö£ Γùï /dashboard/sessions
Γö£ ╞Æ /dashboard/sessions/[session-id]
Γö£ Γùï /dashboard/settings
Γö£ Γùï /docs
Γö£ ╞Æ /docs/guides/[guide-name]
Γö£ Γùï /features
Γö£ Γùï /login
Γöö Γùï /pricing


╞Æ Proxy (Middleware)

Γùï  (Static)   prerendered as static content
╞Æ  (Dynamic)  server-rendered on demand


